Archive member included to satisfy reference by file (symbol)

D:\DataSoft IOT\IoT Practicals\Arduino\ledblinky\ledblinky\ArduinoCore\Debug\libArduinoCore.a(main.o)
                              C:/Program Files (x86)/Atmel/Studio/7.0/Packs/atmel/ATmega_DFP/1.2.132/gcc/dev/atmega32u4/avr5/crtatmega32u4.o (main)
D:\DataSoft IOT\IoT Practicals\Arduino\ledblinky\ledblinky\ArduinoCore\Debug\libArduinoCore.a(USBCore.o)
                              D:\DataSoft IOT\IoT Practicals\Arduino\ledblinky\ledblinky\ArduinoCore\Debug\libArduinoCore.a(main.o) (_ZN10USBDevice_6attachEv)
D:\DataSoft IOT\IoT Practicals\Arduino\ledblinky\ledblinky\ArduinoCore\Debug\libArduinoCore.a(wiring.o)
                              Sketch.o (delay)
D:\DataSoft IOT\IoT Practicals\Arduino\ledblinky\ledblinky\ArduinoCore\Debug\libArduinoCore.a(wiring_digital.o)
                              Sketch.o (pinMode)
D:\DataSoft IOT\IoT Practicals\Arduino\ledblinky\ledblinky\ArduinoCore\Debug\libArduinoCore.a(CDC.o)
                              D:\DataSoft IOT\IoT Practicals\Arduino\ledblinky\ledblinky\ArduinoCore\Debug\libArduinoCore.a(USBCore.o) (_Z16CDC_GetInterfacePh)
D:\DataSoft IOT\IoT Practicals\Arduino\ledblinky\ledblinky\ArduinoCore\Debug\libArduinoCore.a(hooks.o)
                              D:\DataSoft IOT\IoT Practicals\Arduino\ledblinky\ledblinky\ArduinoCore\Debug\libArduinoCore.a(wiring.o) (yield)
D:\DataSoft IOT\IoT Practicals\Arduino\ledblinky\ledblinky\ArduinoCore\Debug\libArduinoCore.a(PluggableUSB.o)
                              D:\DataSoft IOT\IoT Practicals\Arduino\ledblinky\ledblinky\ArduinoCore\Debug\libArduinoCore.a(USBCore.o) (_ZN13PluggableUSB_12getInterfaceEPh)
c:/program files (x86)/atmel/studio/7.0/toolchain/avr8/avr8-gnu-toolchain/bin/../lib/gcc/avr/5.4.0/avr5\libgcc.a(_exit.o)
                              C:/Program Files (x86)/Atmel/Studio/7.0/Packs/atmel/ATmega_DFP/1.2.132/gcc/dev/atmega32u4/avr5/crtatmega32u4.o (exit)
c:/program files (x86)/atmel/studio/7.0/toolchain/avr8/avr8-gnu-toolchain/bin/../lib/gcc/avr/5.4.0/avr5\libgcc.a(_tablejump2.o)
                              D:\DataSoft IOT\IoT Practicals\Arduino\ledblinky\ledblinky\ArduinoCore\Debug\libArduinoCore.a(wiring_digital.o) (__tablejump2__)
c:/program files (x86)/atmel/studio/7.0/toolchain/avr8/avr8-gnu-toolchain/bin/../lib/gcc/avr/5.4.0/avr5\libgcc.a(_copy_data.o)
                              D:\DataSoft IOT\IoT Practicals\Arduino\ledblinky\ledblinky\ArduinoCore\Debug\libArduinoCore.a(USBCore.o) (__do_copy_data)
c:/program files (x86)/atmel/studio/7.0/toolchain/avr8/avr8-gnu-toolchain/bin/../lib/gcc/avr/5.4.0/avr5\libgcc.a(_clear_bss.o)
                              D:\DataSoft IOT\IoT Practicals\Arduino\ledblinky\ledblinky\ArduinoCore\Debug\libArduinoCore.a(USBCore.o) (__do_clear_bss)
c:/program files (x86)/atmel/studio/7.0/toolchain/avr8/avr8-gnu-toolchain/bin/../lib/gcc/avr/5.4.0/avr5\libgcc.a(_ctors.o)
                              D:\DataSoft IOT\IoT Practicals\Arduino\ledblinky\ledblinky\ArduinoCore\Debug\libArduinoCore.a(CDC.o) (__do_global_ctors)

Discarded input sections

 .data          0x00000000        0x0 C:/Program Files (x86)/Atmel/Studio/7.0/Packs/atmel/ATmega_DFP/1.2.132/gcc/dev/atmega32u4/avr5/crtatmega32u4.o
 .bss           0x00000000        0x0 C:/Program Files (x86)/Atmel/Studio/7.0/Packs/atmel/ATmega_DFP/1.2.132/gcc/dev/atmega32u4/avr5/crtatmega32u4.o
 .text          0x00000000        0x0 Sketch.o
 .data          0x00000000        0x0 Sketch.o
 .bss           0x00000000        0x0 Sketch.o
 .text          0x00000000        0x0 D:\DataSoft IOT\IoT Practicals\Arduino\ledblinky\ledblinky\ArduinoCore\Debug\libArduinoCore.a(main.o)
 .data          0x00000000        0x0 D:\DataSoft IOT\IoT Practicals\Arduino\ledblinky\ledblinky\ArduinoCore\Debug\libArduinoCore.a(main.o)
 .bss           0x00000000        0x0 D:\DataSoft IOT\IoT Practicals\Arduino\ledblinky\ledblinky\ArduinoCore\Debug\libArduinoCore.a(main.o)
 .text.atexit   0x00000000        0x6 D:\DataSoft IOT\IoT Practicals\Arduino\ledblinky\ledblinky\ArduinoCore\Debug\libArduinoCore.a(main.o)
 .text._Z8setupUSBv
                0x00000000        0x2 D:\DataSoft IOT\IoT Practicals\Arduino\ledblinky\ledblinky\ArduinoCore\Debug\libArduinoCore.a(main.o)
 .group         0x00000000        0x8 D:\DataSoft IOT\IoT Practicals\Arduino\ledblinky\ledblinky\ArduinoCore\Debug\libArduinoCore.a(USBCore.o)
 .text          0x00000000        0x0 D:\DataSoft IOT\IoT Practicals\Arduino\ledblinky\ledblinky\ArduinoCore\Debug\libArduinoCore.a(USBCore.o)
 .data          0x00000000        0x0 D:\DataSoft IOT\IoT Practicals\Arduino\ledblinky\ledblinky\ArduinoCore\Debug\libArduinoCore.a(USBCore.o)
 .bss           0x00000000        0x0 D:\DataSoft IOT\IoT Practicals\Arduino\ledblinky\ledblinky\ArduinoCore\Debug\libArduinoCore.a(USBCore.o)
 .text._Z19USBGetConfigurationv
                0x00000000        0x6 D:\DataSoft IOT\IoT Practicals\Arduino\ledblinky\ledblinky\ArduinoCore\Debug\libArduinoCore.a(USBCore.o)
 .text._Z12USBConnectedv
                0x00000000       0x22 D:\DataSoft IOT\IoT Practicals\Arduino\ledblinky\ledblinky\ArduinoCore\Debug\libArduinoCore.a(USBCore.o)
 .text._ZN10USBDevice_C2Ev
                0x00000000        0x2 D:\DataSoft IOT\IoT Practicals\Arduino\ledblinky\ledblinky\ArduinoCore\Debug\libArduinoCore.a(USBCore.o)
 .text._ZN10USBDevice_6detachEv
                0x00000000        0x2 D:\DataSoft IOT\IoT Practicals\Arduino\ledblinky\ledblinky\ArduinoCore\Debug\libArduinoCore.a(USBCore.o)
 .text._ZN10USBDevice_10configuredEv
                0x00000000        0xe D:\DataSoft IOT\IoT Practicals\Arduino\ledblinky\ledblinky\ArduinoCore\Debug\libArduinoCore.a(USBCore.o)
 .text._ZN10USBDevice_4pollEv
                0x00000000        0x2 D:\DataSoft IOT\IoT Practicals\Arduino\ledblinky\ledblinky\ArduinoCore\Debug\libArduinoCore.a(USBCore.o)
 .text._ZN10USBDevice_10wakeupHostEv
                0x00000000       0x38 D:\DataSoft IOT\IoT Practicals\Arduino\ledblinky\ledblinky\ArduinoCore\Debug\libArduinoCore.a(USBCore.o)
 .text          0x00000000        0x0 D:\DataSoft IOT\IoT Practicals\Arduino\ledblinky\ledblinky\ArduinoCore\Debug\libArduinoCore.a(wiring.o)
 .data          0x00000000        0x0 D:\DataSoft IOT\IoT Practicals\Arduino\ledblinky\ledblinky\ArduinoCore\Debug\libArduinoCore.a(wiring.o)
 .bss           0x00000000        0x0 D:\DataSoft IOT\IoT Practicals\Arduino\ledblinky\ledblinky\ArduinoCore\Debug\libArduinoCore.a(wiring.o)
 .text.millis   0x00000000       0x18 D:\DataSoft IOT\IoT Practicals\Arduino\ledblinky\ledblinky\ArduinoCore\Debug\libArduinoCore.a(wiring.o)
 .text.delayMicroseconds
                0x00000000       0x16 D:\DataSoft IOT\IoT Practicals\Arduino\ledblinky\ledblinky\ArduinoCore\Debug\libArduinoCore.a(wiring.o)
 .text          0x00000000        0x0 D:\DataSoft IOT\IoT Practicals\Arduino\ledblinky\ledblinky\ArduinoCore\Debug\libArduinoCore.a(wiring_digital.o)
 .data          0x00000000        0x0 D:\DataSoft IOT\IoT Practicals\Arduino\ledblinky\ledblinky\ArduinoCore\Debug\libArduinoCore.a(wiring_digital.o)
 .bss           0x00000000        0x0 D:\DataSoft IOT\IoT Practicals\Arduino\ledblinky\ledblinky\ArduinoCore\Debug\libArduinoCore.a(wiring_digital.o)
 .text.digitalRead
                0x00000000       0x52 D:\DataSoft IOT\IoT Practicals\Arduino\ledblinky\ledblinky\ArduinoCore\Debug\libArduinoCore.a(wiring_digital.o)
 .progmem.data.analog_pin_to_channel_PGM
                0x00000000        0xc D:\DataSoft IOT\IoT Practicals\Arduino\ledblinky\ledblinky\ArduinoCore\Debug\libArduinoCore.a(wiring_digital.o)
 .progmem.data.port_to_input_PGM
                0x00000000        0xe D:\DataSoft IOT\IoT Practicals\Arduino\ledblinky\ledblinky\ArduinoCore\Debug\libArduinoCore.a(wiring_digital.o)
 .group         0x00000000        0x8 D:\DataSoft IOT\IoT Practicals\Arduino\ledblinky\ledblinky\ArduinoCore\Debug\libArduinoCore.a(CDC.o)
 .group         0x00000000        0x8 D:\DataSoft IOT\IoT Practicals\Arduino\ledblinky\ledblinky\ArduinoCore\Debug\libArduinoCore.a(CDC.o)
 .group         0x00000000        0x8 D:\DataSoft IOT\IoT Practicals\Arduino\ledblinky\ledblinky\ArduinoCore\Debug\libArduinoCore.a(CDC.o)
 .text          0x00000000        0x0 D:\DataSoft IOT\IoT Practicals\Arduino\ledblinky\ledblinky\ArduinoCore\Debug\libArduinoCore.a(CDC.o)
 .data          0x00000000        0x0 D:\DataSoft IOT\IoT Practicals\Arduino\ledblinky\ledblinky\ArduinoCore\Debug\libArduinoCore.a(CDC.o)
 .bss           0x00000000        0x0 D:\DataSoft IOT\IoT Practicals\Arduino\ledblinky\ledblinky\ArduinoCore\Debug\libArduinoCore.a(CDC.o)
 .text._ZN5Print17availableForWriteEv
                0x00000000        0x6 D:\DataSoft IOT\IoT Practicals\Arduino\ledblinky\ledblinky\ArduinoCore\Debug\libArduinoCore.a(CDC.o)
 .text._ZN5Print5flushEv
                0x00000000        0x2 D:\DataSoft IOT\IoT Practicals\Arduino\ledblinky\ledblinky\ArduinoCore\Debug\libArduinoCore.a(CDC.o)
 .text._ZN7Serial_5beginEm
                0x00000000        0xc D:\DataSoft IOT\IoT Practicals\Arduino\ledblinky\ledblinky\ArduinoCore\Debug\libArduinoCore.a(CDC.o)
 .text._ZN7Serial_5beginEmh
                0x00000000        0xc D:\DataSoft IOT\IoT Practicals\Arduino\ledblinky\ledblinky\ArduinoCore\Debug\libArduinoCore.a(CDC.o)
 .text._ZN7Serial_3endEv
                0x00000000        0x2 D:\DataSoft IOT\IoT Practicals\Arduino\ledblinky\ledblinky\ArduinoCore\Debug\libArduinoCore.a(CDC.o)
 .text._ZN7Serial_cvbEv
                0x00000000       0x1e D:\DataSoft IOT\IoT Practicals\Arduino\ledblinky\ledblinky\ArduinoCore\Debug\libArduinoCore.a(CDC.o)
 .text._ZN7Serial_4baudEv
                0x00000000       0x18 D:\DataSoft IOT\IoT Practicals\Arduino\ledblinky\ledblinky\ArduinoCore\Debug\libArduinoCore.a(CDC.o)
 .text._ZN7Serial_8stopbitsEv
                0x00000000        0x6 D:\DataSoft IOT\IoT Practicals\Arduino\ledblinky\ledblinky\ArduinoCore\Debug\libArduinoCore.a(CDC.o)
 .text._ZN7Serial_10paritytypeEv
                0x00000000        0x6 D:\DataSoft IOT\IoT Practicals\Arduino\ledblinky\ledblinky\ArduinoCore\Debug\libArduinoCore.a(CDC.o)
 .text._ZN7Serial_7numbitsEv
                0x00000000        0x6 D:\DataSoft IOT\IoT Practicals\Arduino\ledblinky\ledblinky\ArduinoCore\Debug\libArduinoCore.a(CDC.o)
 .text._ZN7Serial_3dtrEv
                0x00000000        0x8 D:\DataSoft IOT\IoT Practicals\Arduino\ledblinky\ledblinky\ArduinoCore\Debug\libArduinoCore.a(CDC.o)
 .text._ZN7Serial_3rtsEv
                0x00000000        0xa D:\DataSoft IOT\IoT Practicals\Arduino\ledblinky\ledblinky\ArduinoCore\Debug\libArduinoCore.a(CDC.o)
 .text._ZN7Serial_9readBreakEv
                0x00000000       0x40 D:\DataSoft IOT\IoT Practicals\Arduino\ledblinky\ledblinky\ArduinoCore\Debug\libArduinoCore.a(CDC.o)
 .text          0x00000000        0x0 D:\DataSoft IOT\IoT Practicals\Arduino\ledblinky\ledblinky\ArduinoCore\Debug\libArduinoCore.a(hooks.o)
 .data          0x00000000        0x0 D:\DataSoft IOT\IoT Practicals\Arduino\ledblinky\ledblinky\ArduinoCore\Debug\libArduinoCore.a(hooks.o)
 .bss           0x00000000        0x0 D:\DataSoft IOT\IoT Practicals\Arduino\ledblinky\ledblinky\ArduinoCore\Debug\libArduinoCore.a(hooks.o)
 .text          0x00000000        0x0 D:\DataSoft IOT\IoT Practicals\Arduino\ledblinky\ledblinky\ArduinoCore\Debug\libArduinoCore.a(PluggableUSB.o)
 .data          0x00000000        0x0 D:\DataSoft IOT\IoT Practicals\Arduino\ledblinky\ledblinky\ArduinoCore\Debug\libArduinoCore.a(PluggableUSB.o)
 .bss           0x00000000        0x0 D:\DataSoft IOT\IoT Practicals\Arduino\ledblinky\ledblinky\ArduinoCore\Debug\libArduinoCore.a(PluggableUSB.o)
 .text._ZN13PluggableUSB_4plugEP18PluggableUSBModule
                0x00000000       0x8e D:\DataSoft IOT\IoT Practicals\Arduino\ledblinky\ledblinky\ArduinoCore\Debug\libArduinoCore.a(PluggableUSB.o)
 .text._ZN13PluggableUSB_C2Ev
                0x00000000       0x10 D:\DataSoft IOT\IoT Practicals\Arduino\ledblinky\ledblinky\ArduinoCore\Debug\libArduinoCore.a(PluggableUSB.o)
 .text          0x00000000        0x0 c:/program files (x86)/atmel/studio/7.0/toolchain/avr8/avr8-gnu-toolchain/bin/../lib/gcc/avr/5.4.0/avr5\libgcc.a(_exit.o)
 .data          0x00000000        0x0 c:/program files (x86)/atmel/studio/7.0/toolchain/avr8/avr8-gnu-toolchain/bin/../lib/gcc/avr/5.4.0/avr5\libgcc.a(_exit.o)
 .bss           0x00000000        0x0 c:/program files (x86)/atmel/studio/7.0/toolchain/avr8/avr8-gnu-toolchain/bin/../lib/gcc/avr/5.4.0/avr5\libgcc.a(_exit.o)
 .text.libgcc.mul
                0x00000000        0x0 c:/program files (x86)/atmel/studio/7.0/toolchain/avr8/avr8-gnu-toolchain/bin/../lib/gcc/avr/5.4.0/avr5\libgcc.a(_exit.o)
 .text.libgcc.div
                0x00000000        0x0 c:/program files (x86)/atmel/studio/7.0/toolchain/avr8/avr8-gnu-toolchain/bin/../lib/gcc/avr/5.4.0/avr5\libgcc.a(_exit.o)
 .text.libgcc   0x00000000        0x0 c:/program files (x86)/atmel/studio/7.0/toolchain/avr8/avr8-gnu-toolchain/bin/../lib/gcc/avr/5.4.0/avr5\libgcc.a(_exit.o)
 .text.libgcc.prologue
                0x00000000        0x0 c:/program files (x86)/atmel/studio/7.0/toolchain/avr8/avr8-gnu-toolchain/bin/../lib/gcc/avr/5.4.0/avr5\libgcc.a(_exit.o)
 .text.libgcc.builtins
                0x00000000        0x0 c:/program files (x86)/atmel/studio/7.0/toolchain/avr8/avr8-gnu-toolchain/bin/../lib/gcc/avr/5.4.0/avr5\libgcc.a(_exit.o)
 .text.libgcc.fmul
                0x00000000        0x0 c:/program files (x86)/atmel/studio/7.0/toolchain/avr8/avr8-gnu-toolchain/bin/../lib/gcc/avr/5.4.0/avr5\libgcc.a(_exit.o)
 .text.libgcc.fixed
                0x00000000        0x0 c:/program files (x86)/atmel/studio/7.0/toolchain/avr8/avr8-gnu-toolchain/bin/../lib/gcc/avr/5.4.0/avr5\libgcc.a(_exit.o)
 .text          0x00000000        0x0 c:/program files (x86)/atmel/studio/7.0/toolchain/avr8/avr8-gnu-toolchain/bin/../lib/gcc/avr/5.4.0/avr5\libgcc.a(_tablejump2.o)
 .data          0x00000000        0x0 c:/program files (x86)/atmel/studio/7.0/toolchain/avr8/avr8-gnu-toolchain/bin/../lib/gcc/avr/5.4.0/avr5\libgcc.a(_tablejump2.o)
 .bss           0x00000000        0x0 c:/program files (x86)/atmel/studio/7.0/toolchain/avr8/avr8-gnu-toolchain/bin/../lib/gcc/avr/5.4.0/avr5\libgcc.a(_tablejump2.o)
 .text.libgcc.mul
                0x00000000        0x0 c:/program files (x86)/atmel/studio/7.0/toolchain/avr8/avr8-gnu-toolchain/bin/../lib/gcc/avr/5.4.0/avr5\libgcc.a(_tablejump2.o)
 .text.libgcc.div
                0x00000000        0x0 c:/program files (x86)/atmel/studio/7.0/toolchain/avr8/avr8-gnu-toolchain/bin/../lib/gcc/avr/5.4.0/avr5\libgcc.a(_tablejump2.o)
 .text.libgcc.prologue
                0x00000000        0x0 c:/program files (x86)/atmel/studio/7.0/toolchain/avr8/avr8-gnu-toolchain/bin/../lib/gcc/avr/5.4.0/avr5\libgcc.a(_tablejump2.o)
 .text.libgcc.builtins
                0x00000000        0x0 c:/program files (x86)/atmel/studio/7.0/toolchain/avr8/avr8-gnu-toolchain/bin/../lib/gcc/avr/5.4.0/avr5\libgcc.a(_tablejump2.o)
 .text.libgcc.fmul
                0x00000000        0x0 c:/program files (x86)/atmel/studio/7.0/toolchain/avr8/avr8-gnu-toolchain/bin/../lib/gcc/avr/5.4.0/avr5\libgcc.a(_tablejump2.o)
 .text.libgcc.fixed
                0x00000000        0x0 c:/program files (x86)/atmel/studio/7.0/toolchain/avr8/avr8-gnu-toolchain/bin/../lib/gcc/avr/5.4.0/avr5\libgcc.a(_tablejump2.o)
 .text          0x00000000        0x0 c:/program files (x86)/atmel/studio/7.0/toolchain/avr8/avr8-gnu-toolchain/bin/../lib/gcc/avr/5.4.0/avr5\libgcc.a(_copy_data.o)
 .data          0x00000000        0x0 c:/program files (x86)/atmel/studio/7.0/toolchain/avr8/avr8-gnu-toolchain/bin/../lib/gcc/avr/5.4.0/avr5\libgcc.a(_copy_data.o)
 .bss           0x00000000        0x0 c:/program files (x86)/atmel/studio/7.0/toolchain/avr8/avr8-gnu-toolchain/bin/../lib/gcc/avr/5.4.0/avr5\libgcc.a(_copy_data.o)
 .text.libgcc.mul
                0x00000000        0x0 c:/program files (x86)/atmel/studio/7.0/toolchain/avr8/avr8-gnu-toolchain/bin/../lib/gcc/avr/5.4.0/avr5\libgcc.a(_copy_data.o)
 .text.libgcc.div
                0x00000000        0x0 c:/program files (x86)/atmel/studio/7.0/toolchain/avr8/avr8-gnu-toolchain/bin/../lib/gcc/avr/5.4.0/avr5\libgcc.a(_copy_data.o)
 .text.libgcc   0x00000000        0x0 c:/program files (x86)/atmel/studio/7.0/toolchain/avr8/avr8-gnu-toolchain/bin/../lib/gcc/avr/5.4.0/avr5\libgcc.a(_copy_data.o)
 .text.libgcc.prologue
                0x00000000        0x0 c:/program files (x86)/atmel/studio/7.0/toolchain/avr8/avr8-gnu-toolchain/bin/../lib/gcc/avr/5.4.0/avr5\libgcc.a(_copy_data.o)
 .text.libgcc.builtins
                0x00000000        0x0 c:/program files (x86)/atmel/studio/7.0/toolchain/avr8/avr8-gnu-toolchain/bin/../lib/gcc/avr/5.4.0/avr5\libgcc.a(_copy_data.o)
 .text.libgcc.fmul
                0x00000000        0x0 c:/program files (x86)/atmel/studio/7.0/toolchain/avr8/avr8-gnu-toolchain/bin/../lib/gcc/avr/5.4.0/avr5\libgcc.a(_copy_data.o)
 .text.libgcc.fixed
                0x00000000        0x0 c:/program files (x86)/atmel/studio/7.0/toolchain/avr8/avr8-gnu-toolchain/bin/../lib/gcc/avr/5.4.0/avr5\libgcc.a(_copy_data.o)
 .text          0x00000000        0x0 c:/program files (x86)/atmel/studio/7.0/toolchain/avr8/avr8-gnu-toolchain/bin/../lib/gcc/avr/5.4.0/avr5\libgcc.a(_clear_bss.o)
 .data          0x00000000        0x0 c:/program files (x86)/atmel/studio/7.0/toolchain/avr8/avr8-gnu-toolchain/bin/../lib/gcc/avr/5.4.0/avr5\libgcc.a(_clear_bss.o)
 .bss           0x00000000        0x0 c:/program files (x86)/atmel/studio/7.0/toolchain/avr8/avr8-gnu-toolchain/bin/../lib/gcc/avr/5.4.0/avr5\libgcc.a(_clear_bss.o)
 .text.libgcc.mul
                0x00000000        0x0 c:/program files (x86)/atmel/studio/7.0/toolchain/avr8/avr8-gnu-toolchain/bin/../lib/gcc/avr/5.4.0/avr5\libgcc.a(_clear_bss.o)
 .text.libgcc.div
                0x00000000        0x0 c:/program files (x86)/atmel/studio/7.0/toolchain/avr8/avr8-gnu-toolchain/bin/../lib/gcc/avr/5.4.0/avr5\libgcc.a(_clear_bss.o)
 .text.libgcc   0x00000000        0x0 c:/program files (x86)/atmel/studio/7.0/toolchain/avr8/avr8-gnu-toolchain/bin/../lib/gcc/avr/5.4.0/avr5\libgcc.a(_clear_bss.o)
 .text.libgcc.prologue
                0x00000000        0x0 c:/program files (x86)/atmel/studio/7.0/toolchain/avr8/avr8-gnu-toolchain/bin/../lib/gcc/avr/5.4.0/avr5\libgcc.a(_clear_bss.o)
 .text.libgcc.builtins
                0x00000000        0x0 c:/program files (x86)/atmel/studio/7.0/toolchain/avr8/avr8-gnu-toolchain/bin/../lib/gcc/avr/5.4.0/avr5\libgcc.a(_clear_bss.o)
 .text.libgcc.fmul
                0x00000000        0x0 c:/program files (x86)/atmel/studio/7.0/toolchain/avr8/avr8-gnu-toolchain/bin/../lib/gcc/avr/5.4.0/avr5\libgcc.a(_clear_bss.o)
 .text.libgcc.fixed
                0x00000000        0x0 c:/program files (x86)/atmel/studio/7.0/toolchain/avr8/avr8-gnu-toolchain/bin/../lib/gcc/avr/5.4.0/avr5\libgcc.a(_clear_bss.o)
 .text          0x00000000        0x0 c:/program files (x86)/atmel/studio/7.0/toolchain/avr8/avr8-gnu-toolchain/bin/../lib/gcc/avr/5.4.0/avr5\libgcc.a(_ctors.o)
 .data          0x00000000        0x0 c:/program files (x86)/atmel/studio/7.0/toolchain/avr8/avr8-gnu-toolchain/bin/../lib/gcc/avr/5.4.0/avr5\libgcc.a(_ctors.o)
 .bss           0x00000000        0x0 c:/program files (x86)/atmel/studio/7.0/toolchain/avr8/avr8-gnu-toolchain/bin/../lib/gcc/avr/5.4.0/avr5\libgcc.a(_ctors.o)
 .text.libgcc.mul
                0x00000000        0x0 c:/program files (x86)/atmel/studio/7.0/toolchain/avr8/avr8-gnu-toolchain/bin/../lib/gcc/avr/5.4.0/avr5\libgcc.a(_ctors.o)
 .text.libgcc.div
                0x00000000        0x0 c:/program files (x86)/atmel/studio/7.0/toolchain/avr8/avr8-gnu-toolchain/bin/../lib/gcc/avr/5.4.0/avr5\libgcc.a(_ctors.o)
 .text.libgcc   0x00000000        0x0 c:/program files (x86)/atmel/studio/7.0/toolchain/avr8/avr8-gnu-toolchain/bin/../lib/gcc/avr/5.4.0/avr5\libgcc.a(_ctors.o)
 .text.libgcc.prologue
                0x00000000        0x0 c:/program files (x86)/atmel/studio/7.0/toolchain/avr8/avr8-gnu-toolchain/bin/../lib/gcc/avr/5.4.0/avr5\libgcc.a(_ctors.o)
 .text.libgcc.builtins
                0x00000000        0x0 c:/program files (x86)/atmel/studio/7.0/toolchain/avr8/avr8-gnu-toolchain/bin/../lib/gcc/avr/5.4.0/avr5\libgcc.a(_ctors.o)
 .text.libgcc.fmul
                0x00000000        0x0 c:/program files (x86)/atmel/studio/7.0/toolchain/avr8/avr8-gnu-toolchain/bin/../lib/gcc/avr/5.4.0/avr5\libgcc.a(_ctors.o)
 .text.libgcc.fixed
                0x00000000        0x0 c:/program files (x86)/atmel/studio/7.0/toolchain/avr8/avr8-gnu-toolchain/bin/../lib/gcc/avr/5.4.0/avr5\libgcc.a(_ctors.o)

Memory Configuration

Name             Origin             Length             Attributes
text             0x00000000         0x00020000         xr
data             0x00800060         0x0000ffa0         rw !x
eeprom           0x00810000         0x00010000         rw !x
fuse             0x00820000         0x00000003         rw !x
lock             0x00830000         0x00000400         rw !x
signature        0x00840000         0x00000400         rw !x
user_signatures  0x00850000         0x00000400         rw !x
*default*        0x00000000         0xffffffff

Linker script and memory map

Address of section .data set to 0x800100
LOAD C:/Program Files (x86)/Atmel/Studio/7.0/Packs/atmel/ATmega_DFP/1.2.132/gcc/dev/atmega32u4/avr5/crtatmega32u4.o
LOAD Sketch.o
START GROUP
LOAD c:/program files (x86)/atmel/studio/7.0/toolchain/avr8/avr8-gnu-toolchain/bin/../lib/gcc/avr/5.4.0/../../../../avr/lib/avr5\libm.a
LOAD D:\DataSoft IOT\IoT Practicals\Arduino\ledblinky\ledblinky\ArduinoCore\Debug\libArduinoCore.a
END GROUP
LOAD c:/program files (x86)/atmel/studio/7.0/toolchain/avr8/avr8-gnu-toolchain/bin/../lib/gcc/avr/5.4.0/avr5\libgcc.a
LOAD c:/program files (x86)/atmel/studio/7.0/toolchain/avr8/avr8-gnu-toolchain/bin/../lib/gcc/avr/5.4.0/../../../../avr/lib/avr5\libm.a
START GROUP
LOAD c:/program files (x86)/atmel/studio/7.0/toolchain/avr8/avr8-gnu-toolchain/bin/../lib/gcc/avr/5.4.0/avr5\libgcc.a
LOAD c:/program files (x86)/atmel/studio/7.0/toolchain/avr8/avr8-gnu-toolchain/bin/../lib/gcc/avr/5.4.0/../../../../avr/lib/avr5\libm.a
LOAD c:/program files (x86)/atmel/studio/7.0/toolchain/avr8/avr8-gnu-toolchain/bin/../lib/gcc/avr/5.4.0/../../../../avr/lib/avr5\libc.a
LOAD C:/Program Files (x86)/Atmel/Studio/7.0/Packs/atmel/ATmega_DFP/1.2.132/gcc/dev/atmega32u4/avr5\libatmega32u4.a
END GROUP
                0x00020000                __TEXT_REGION_LENGTH__ = DEFINED (__TEXT_REGION_LENGTH__)?__TEXT_REGION_LENGTH__:0x20000
                0x0000ffa0                __DATA_REGION_LENGTH__ = DEFINED (__DATA_REGION_LENGTH__)?__DATA_REGION_LENGTH__:0xffa0
                0x00010000                __EEPROM_REGION_LENGTH__ = DEFINED (__EEPROM_REGION_LENGTH__)?__EEPROM_REGION_LENGTH__:0x10000
                [0x00000003]                __FUSE_REGION_LENGTH__ = DEFINED (__FUSE_REGION_LENGTH__)?__FUSE_REGION_LENGTH__:0x400
                0x00000400                __LOCK_REGION_LENGTH__ = DEFINED (__LOCK_REGION_LENGTH__)?__LOCK_REGION_LENGTH__:0x400
                0x00000400                __SIGNATURE_REGION_LENGTH__ = DEFINED (__SIGNATURE_REGION_LENGTH__)?__SIGNATURE_REGION_LENGTH__:0x400
                0x00000400                __USER_SIGNATURE_REGION_LENGTH__ = DEFINED (__USER_SIGNATURE_REGION_LENGTH__)?__USER_SIGNATURE_REGION_LENGTH__:0x400

.hash
 *(.hash)

.dynsym
 *(.dynsym)

.dynstr
 *(.dynstr)

.gnu.version
 *(.gnu.version)

.gnu.version_d
 *(.gnu.version_d)

.gnu.version_r
 *(.gnu.version_r)

.rel.init
 *(.rel.init)

.rela.init
 *(.rela.init)

.rel.text
 *(.rel.text)
 *(.rel.text.*)
 *(.rel.gnu.linkonce.t*)

.rela.text
 *(.rela.text)
 *(.rela.text.*)
 *(.rela.gnu.linkonce.t*)

.rel.fini
 *(.rel.fini)

.rela.fini
 *(.rela.fini)

.rel.rodata
 *(.rel.rodata)
 *(.rel.rodata.*)
 *(.rel.gnu.linkonce.r*)

.rela.rodata
 *(.rela.rodata)
 *(.rela.rodata.*)
 *(.rela.gnu.linkonce.r*)

.rel.data
 *(.rel.data)
 *(.rel.data.*)
 *(.rel.gnu.linkonce.d*)

.rela.data
 *(.rela.data)
 *(.rela.data.*)
 *(.rela.gnu.linkonce.d*)

.rel.ctors
 *(.rel.ctors)

.rela.ctors
 *(.rela.ctors)

.rel.dtors
 *(.rel.dtors)

.rela.dtors
 *(.rela.dtors)

.rel.got
 *(.rel.got)

.rela.got
 *(.rela.got)

.rel.bss
 *(.rel.bss)

.rela.bss
 *(.rela.bss)

.rel.plt
 *(.rel.plt)

.rela.plt
 *(.rela.plt)

.text           0x00000000     0x1186
 *(.vectors)
 .vectors       0x00000000       0xac C:/Program Files (x86)/Atmel/Studio/7.0/Packs/atmel/ATmega_DFP/1.2.132/gcc/dev/atmega32u4/avr5/crtatmega32u4.o
                0x00000000                __vector_default
                0x00000000                __vectors
 *(.vectors)
 *(.progmem.gcc*)
 .progmem.gcc_sw_table.turnOffPWM
                0x000000ac       0x1e D:\DataSoft IOT\IoT Practicals\Arduino\ledblinky\ledblinky\ArduinoCore\Debug\libArduinoCore.a(wiring_digital.o)
                0x000000ca                . = ALIGN (0x2)
                0x000000ca                __trampolines_start = .
 *(.trampolines)
 .trampolines   0x000000ca        0x0 linker stubs
 *(.trampolines*)
                0x000000ca                __trampolines_end = .
 *libprintf_flt.a:*(.progmem.data)
 *libc.a:*(.progmem.data)
 *(.progmem*)
 .progmem.data.USB_DeviceDescriptorIAD
                0x000000ca       0x12 D:\DataSoft IOT\IoT Practicals\Arduino\ledblinky\ledblinky\ArduinoCore\Debug\libArduinoCore.a(USBCore.o)
                0x000000ca                USB_DeviceDescriptorIAD
 .progmem.data.STRING_MANUFACTURER
                0x000000dc        0xc D:\DataSoft IOT\IoT Practicals\Arduino\ledblinky\ledblinky\ArduinoCore\Debug\libArduinoCore.a(USBCore.o)
                0x000000dc                STRING_MANUFACTURER
 .progmem.data.STRING_PRODUCT
                0x000000e8        0xc D:\DataSoft IOT\IoT Practicals\Arduino\ledblinky\ledblinky\ArduinoCore\Debug\libArduinoCore.a(USBCore.o)
                0x000000e8                STRING_PRODUCT
 .progmem.data.STRING_LANGUAGE
                0x000000f4        0x4 D:\DataSoft IOT\IoT Practicals\Arduino\ledblinky\ledblinky\ArduinoCore\Debug\libArduinoCore.a(USBCore.o)
                0x000000f4                STRING_LANGUAGE
 .progmem.data.digital_pin_to_timer_PGM
                0x000000f8       0x1f D:\DataSoft IOT\IoT Practicals\Arduino\ledblinky\ledblinky\ArduinoCore\Debug\libArduinoCore.a(wiring_digital.o)
                0x000000f8                digital_pin_to_timer_PGM
 .progmem.data.digital_pin_to_bit_mask_PGM
                0x00000117       0x1f D:\DataSoft IOT\IoT Practicals\Arduino\ledblinky\ledblinky\ArduinoCore\Debug\libArduinoCore.a(wiring_digital.o)
                0x00000117                digital_pin_to_bit_mask_PGM
 .progmem.data.digital_pin_to_port_PGM
                0x00000136       0x1f D:\DataSoft IOT\IoT Practicals\Arduino\ledblinky\ledblinky\ArduinoCore\Debug\libArduinoCore.a(wiring_digital.o)
                0x00000136                digital_pin_to_port_PGM
 .progmem.data.port_to_output_PGM
                0x00000155        0xe D:\DataSoft IOT\IoT Practicals\Arduino\ledblinky\ledblinky\ArduinoCore\Debug\libArduinoCore.a(wiring_digital.o)
                0x00000155                port_to_output_PGM
 .progmem.data.port_to_mode_PGM
                0x00000163        0xe D:\DataSoft IOT\IoT Practicals\Arduino\ledblinky\ledblinky\ArduinoCore\Debug\libArduinoCore.a(wiring_digital.o)
                0x00000163                port_to_mode_PGM
 .progmem.data._cdcInterface
                0x00000171       0x42 D:\DataSoft IOT\IoT Practicals\Arduino\ledblinky\ledblinky\ArduinoCore\Debug\libArduinoCore.a(CDC.o)
                0x00000171                _cdcInterface
                0x000001b4                . = ALIGN (0x2)
 *fill*         0x000001b3        0x1 
 *(.jumptables)
 *(.jumptables*)
 *(.lowtext)
 *(.lowtext*)
                0x000001b4                __ctors_start = .
 *(.ctors)
 .ctors         0x000001b4        0x2 D:\DataSoft IOT\IoT Practicals\Arduino\ledblinky\ledblinky\ArduinoCore\Debug\libArduinoCore.a(CDC.o)
                0x000001b6                __ctors_end = .
                0x000001b6                __dtors_start = .
 *(.dtors)
                0x000001b6                __dtors_end = .
 SORT(*)(.ctors)
 SORT(*)(.dtors)
 *(.init0)
 .init0         0x000001b6        0x0 C:/Program Files (x86)/Atmel/Studio/7.0/Packs/atmel/ATmega_DFP/1.2.132/gcc/dev/atmega32u4/avr5/crtatmega32u4.o
                0x000001b6                __init
 *(.init0)
 *(.init1)
 *(.init1)
 *(.init2)
 .init2         0x000001b6        0xc C:/Program Files (x86)/Atmel/Studio/7.0/Packs/atmel/ATmega_DFP/1.2.132/gcc/dev/atmega32u4/avr5/crtatmega32u4.o
 *(.init2)
 *(.init3)
 *(.init3)
 *(.init4)
 .init4         0x000001c2       0x16 c:/program files (x86)/atmel/studio/7.0/toolchain/avr8/avr8-gnu-toolchain/bin/../lib/gcc/avr/5.4.0/avr5\libgcc.a(_copy_data.o)
                0x000001c2                __do_copy_data
 .init4         0x000001d8       0x10 c:/program files (x86)/atmel/studio/7.0/toolchain/avr8/avr8-gnu-toolchain/bin/../lib/gcc/avr/5.4.0/avr5\libgcc.a(_clear_bss.o)
                0x000001d8                __do_clear_bss
 *(.init4)
 *(.init5)
 *(.init5)
 *(.init6)
 .init6         0x000001e8       0x16 c:/program files (x86)/atmel/studio/7.0/toolchain/avr8/avr8-gnu-toolchain/bin/../lib/gcc/avr/5.4.0/avr5\libgcc.a(_ctors.o)
                0x000001e8                __do_global_ctors
 *(.init6)
 *(.init7)
 *(.init7)
 *(.init8)
 *(.init8)
 *(.init9)
 .init9         0x000001fe        0x8 C:/Program Files (x86)/Atmel/Studio/7.0/Packs/atmel/ATmega_DFP/1.2.132/gcc/dev/atmega32u4/avr5/crtatmega32u4.o
 *(.init9)
 *(.text)
 .text          0x00000206        0x4 C:/Program Files (x86)/Atmel/Studio/7.0/Packs/atmel/ATmega_DFP/1.2.132/gcc/dev/atmega32u4/avr5/crtatmega32u4.o
                0x00000206                __vector_38
                0x00000206                __vector_22
                0x00000206                __vector_28
                0x00000206                __vector_1
                0x00000206                __vector_32
                0x00000206                __vector_34
                0x00000206                __vector_24
                0x00000206                __vector_12
                0x00000206                __bad_interrupt
                0x00000206                __vector_6
                0x00000206                __vector_31
                0x00000206                __vector_35
                0x00000206                __vector_39
                0x00000206                __vector_3
                0x00000206                __vector_30
                0x00000206                __vector_25
                0x00000206                __vector_13
                0x00000206                __vector_17
                0x00000206                __vector_19
                0x00000206                __vector_7
                0x00000206                __vector_41
                0x00000206                __vector_27
                0x00000206                __vector_5
                0x00000206                __vector_33
                0x00000206                __vector_37
                0x00000206                __vector_4
                0x00000206                __vector_9
                0x00000206                __vector_2
                0x00000206                __vector_21
                0x00000206                __vector_15
                0x00000206                __vector_36
                0x00000206                __vector_29
                0x00000206                __vector_40
                0x00000206                __vector_8
                0x00000206                __vector_26
                0x00000206                __vector_14
                0x00000206                __vector_16
                0x00000206                __vector_18
                0x00000206                __vector_20
                0x00000206                __vector_42
                0x0000020a                . = ALIGN (0x2)
 *(.text.*)
 .text.setup    0x0000020a        0x8 Sketch.o
                0x0000020a                setup
 .text.loop     0x00000212       0x28 Sketch.o
                0x00000212                loop
 .text.initVariant
                0x0000023a        0x2 D:\DataSoft IOT\IoT Practicals\Arduino\ledblinky\ledblinky\ArduinoCore\Debug\libArduinoCore.a(main.o)
                0x0000023a                initVariant
 .text.startup.main
                0x0000023c       0x26 D:\DataSoft IOT\IoT Practicals\Arduino\ledblinky\ledblinky\ArduinoCore\Debug\libArduinoCore.a(main.o)
                0x0000023c                main
 .text._ZL4RecvPVhh
                0x00000262       0x1a D:\DataSoft IOT\IoT Practicals\Arduino\ledblinky\ledblinky\ArduinoCore\Debug\libArduinoCore.a(USBCore.o)
 .text._ZL11SendControlh
                0x0000027c       0x5c D:\DataSoft IOT\IoT Practicals\Arduino\ledblinky\ledblinky\ArduinoCore\Debug\libArduinoCore.a(USBCore.o)
 .text._ZL24USB_SendStringDescriptorPKhhh
                0x000002d8       0x6a D:\DataSoft IOT\IoT Practicals\Arduino\ledblinky\ledblinky\ArduinoCore\Debug\libArduinoCore.a(USBCore.o)
 .text._ZL15USB_ClockEnablev
                0x00000342       0x46 D:\DataSoft IOT\IoT Practicals\Arduino\ledblinky\ledblinky\ArduinoCore\Debug\libArduinoCore.a(USBCore.o)
 .text._ZL14SendInterfacesv
                0x00000388       0x2c D:\DataSoft IOT\IoT Practicals\Arduino\ledblinky\ledblinky\ArduinoCore\Debug\libArduinoCore.a(USBCore.o)
 .text._ZN6LockEPC2Eh
                0x000003b4       0x10 D:\DataSoft IOT\IoT Practicals\Arduino\ledblinky\ledblinky\ArduinoCore\Debug\libArduinoCore.a(USBCore.o)
                0x000003b4                _ZN6LockEPC2Eh
                0x000003b4                _ZN6LockEPC1Eh
 .text._Z13USB_Availableh
                0x000003c4       0x24 D:\DataSoft IOT\IoT Practicals\Arduino\ledblinky\ledblinky\ArduinoCore\Debug\libArduinoCore.a(USBCore.o)
                0x000003c4                _Z13USB_Availableh
 .text._Z8USB_RecvhPvi
                0x000003e8       0x86 D:\DataSoft IOT\IoT Practicals\Arduino\ledblinky\ledblinky\ArduinoCore\Debug\libArduinoCore.a(USBCore.o)
                0x000003e8                _Z8USB_RecvhPvi
 .text._Z8USB_Recvh
                0x0000046e       0x2e D:\DataSoft IOT\IoT Practicals\Arduino\ledblinky\ledblinky\ArduinoCore\Debug\libArduinoCore.a(USBCore.o)
                0x0000046e                _Z8USB_Recvh
 .text._Z13USB_SendSpaceh
                0x0000049c       0x34 D:\DataSoft IOT\IoT Practicals\Arduino\ledblinky\ledblinky\ArduinoCore\Debug\libArduinoCore.a(USBCore.o)
                0x0000049c                _Z13USB_SendSpaceh
 .text._Z8USB_SendhPKvi
                0x000004d0      0x14a D:\DataSoft IOT\IoT Practicals\Arduino\ledblinky\ledblinky\ArduinoCore\Debug\libArduinoCore.a(USBCore.o)
                0x000004d0                _Z8USB_SendhPKvi
 .text._Z11InitControli
                0x0000061a       0x16 D:\DataSoft IOT\IoT Practicals\Arduino\ledblinky\ledblinky\ArduinoCore\Debug\libArduinoCore.a(USBCore.o)
                0x0000061a                _Z11InitControli
 .text._Z15USB_SendControlhPKvi
                0x00000630       0x4e D:\DataSoft IOT\IoT Practicals\Arduino\ledblinky\ledblinky\ArduinoCore\Debug\libArduinoCore.a(USBCore.o)
                0x00000630                _Z15USB_SendControlhPKvi
 .text._Z15USB_RecvControlPvi
                0x0000067e       0x66 D:\DataSoft IOT\IoT Practicals\Arduino\ledblinky\ledblinky\ArduinoCore\Debug\libArduinoCore.a(USBCore.o)
                0x0000067e                _Z15USB_RecvControlPvi
 .text.__vector_11
                0x000006e4      0x2b4 D:\DataSoft IOT\IoT Practicals\Arduino\ledblinky\ledblinky\ArduinoCore\Debug\libArduinoCore.a(USBCore.o)
                0x000006e4                __vector_11
 .text._Z9USB_Flushh
                0x00000998       0x14 D:\DataSoft IOT\IoT Practicals\Arduino\ledblinky\ledblinky\ArduinoCore\Debug\libArduinoCore.a(USBCore.o)
                0x00000998                _Z9USB_Flushh
 .text.__vector_10
                0x000009ac      0x102 D:\DataSoft IOT\IoT Practicals\Arduino\ledblinky\ledblinky\ArduinoCore\Debug\libArduinoCore.a(USBCore.o)
                0x000009ac                __vector_10
 .text._ZN10USBDevice_6attachEv
                0x00000aae       0x3a D:\DataSoft IOT\IoT Practicals\Arduino\ledblinky\ledblinky\ArduinoCore\Debug\libArduinoCore.a(USBCore.o)
                0x00000aae                _ZN10USBDevice_6attachEv
 .text.__vector_23
                0x00000ae8       0x94 D:\DataSoft IOT\IoT Practicals\Arduino\ledblinky\ledblinky\ArduinoCore\Debug\libArduinoCore.a(wiring.o)
                0x00000ae8                __vector_23
 .text.micros   0x00000b7c       0x4a D:\DataSoft IOT\IoT Practicals\Arduino\ledblinky\ledblinky\ArduinoCore\Debug\libArduinoCore.a(wiring.o)
                0x00000b7c                micros
 .text.delay    0x00000bc6       0x78 D:\DataSoft IOT\IoT Practicals\Arduino\ledblinky\ledblinky\ArduinoCore\Debug\libArduinoCore.a(wiring.o)
                0x00000bc6                delay
 .text.init     0x00000c3e       0xac D:\DataSoft IOT\IoT Practicals\Arduino\ledblinky\ledblinky\ArduinoCore\Debug\libArduinoCore.a(wiring.o)
                0x00000c3e                init
 .text.turnOffPWM
                0x00000cea       0x7a D:\DataSoft IOT\IoT Practicals\Arduino\ledblinky\ledblinky\ArduinoCore\Debug\libArduinoCore.a(wiring_digital.o)
 .text.pinMode  0x00000d64       0x78 D:\DataSoft IOT\IoT Practicals\Arduino\ledblinky\ledblinky\ArduinoCore\Debug\libArduinoCore.a(wiring_digital.o)
                0x00000d64                pinMode
 .text.digitalWrite
                0x00000ddc       0x5e D:\DataSoft IOT\IoT Practicals\Arduino\ledblinky\ledblinky\ArduinoCore\Debug\libArduinoCore.a(wiring_digital.o)
                0x00000ddc                digitalWrite
 .text._ZN7Serial_5writeEh
                0x00000e3a       0x2c D:\DataSoft IOT\IoT Practicals\Arduino\ledblinky\ledblinky\ArduinoCore\Debug\libArduinoCore.a(CDC.o)
                0x00000e3a                _ZN7Serial_5writeEh
 .text._ZN7Serial_4peekEv
                0x00000e66       0x22 D:\DataSoft IOT\IoT Practicals\Arduino\ledblinky\ledblinky\ArduinoCore\Debug\libArduinoCore.a(CDC.o)
                0x00000e66                _ZN7Serial_4peekEv
 .text._ZN7Serial_17availableForWriteEv
                0x00000e88        0xa D:\DataSoft IOT\IoT Practicals\Arduino\ledblinky\ledblinky\ArduinoCore\Debug\libArduinoCore.a(CDC.o)
                0x00000e88                _ZN7Serial_17availableForWriteEv
 .text._ZN7Serial_5flushEv
                0x00000e92        0x6 D:\DataSoft IOT\IoT Practicals\Arduino\ledblinky\ledblinky\ArduinoCore\Debug\libArduinoCore.a(CDC.o)
                0x00000e92                _ZN7Serial_5flushEv
 .text._ZN7Serial_9availableEv
                0x00000e98       0x20 D:\DataSoft IOT\IoT Practicals\Arduino\ledblinky\ledblinky\ArduinoCore\Debug\libArduinoCore.a(CDC.o)
                0x00000e98                _ZN7Serial_9availableEv
 .text._ZN7Serial_4readEv
                0x00000eb8       0x1a D:\DataSoft IOT\IoT Practicals\Arduino\ledblinky\ledblinky\ArduinoCore\Debug\libArduinoCore.a(CDC.o)
                0x00000eb8                _ZN7Serial_4readEv
 .text._ZN7Serial_5writeEPKhj
                0x00000ed2       0x2c D:\DataSoft IOT\IoT Practicals\Arduino\ledblinky\ledblinky\ArduinoCore\Debug\libArduinoCore.a(CDC.o)
                0x00000ed2                _ZN7Serial_5writeEPKhj
 .text._Z16CDC_GetInterfacePh
                0x00000efe       0x16 D:\DataSoft IOT\IoT Practicals\Arduino\ledblinky\ledblinky\ArduinoCore\Debug\libArduinoCore.a(CDC.o)
                0x00000efe                _Z16CDC_GetInterfacePh
 .text._Z9CDC_SetupR8USBSetup
                0x00000f14      0x104 D:\DataSoft IOT\IoT Practicals\Arduino\ledblinky\ledblinky\ArduinoCore\Debug\libArduinoCore.a(CDC.o)
                0x00000f14                _Z9CDC_SetupR8USBSetup
 .text.startup._GLOBAL__sub_I__updatedLUFAbootloader
                0x00001018       0x2a D:\DataSoft IOT\IoT Practicals\Arduino\ledblinky\ledblinky\ArduinoCore\Debug\libArduinoCore.a(CDC.o)
 .text.__empty  0x00001042        0x2 D:\DataSoft IOT\IoT Practicals\Arduino\ledblinky\ledblinky\ArduinoCore\Debug\libArduinoCore.a(hooks.o)
                0x00001042                yield
 .text._ZN13PluggableUSB_12getInterfaceEPh
                0x00001044       0x52 D:\DataSoft IOT\IoT Practicals\Arduino\ledblinky\ledblinky\ArduinoCore\Debug\libArduinoCore.a(PluggableUSB.o)
                0x00001044                _ZN13PluggableUSB_12getInterfaceEPh
 .text._ZN13PluggableUSB_13getDescriptorER8USBSetup
                0x00001096       0x3e D:\DataSoft IOT\IoT Practicals\Arduino\ledblinky\ledblinky\ArduinoCore\Debug\libArduinoCore.a(PluggableUSB.o)
                0x00001096                _ZN13PluggableUSB_13getDescriptorER8USBSetup
 .text._ZN13PluggableUSB_12getShortNameEPc
                0x000010d4       0x3e D:\DataSoft IOT\IoT Practicals\Arduino\ledblinky\ledblinky\ArduinoCore\Debug\libArduinoCore.a(PluggableUSB.o)
                0x000010d4                _ZN13PluggableUSB_12getShortNameEPc
 .text._ZN13PluggableUSB_5setupER8USBSetup
                0x00001112       0x3c D:\DataSoft IOT\IoT Practicals\Arduino\ledblinky\ledblinky\ArduinoCore\Debug\libArduinoCore.a(PluggableUSB.o)
                0x00001112                _ZN13PluggableUSB_5setupER8USBSetup
 .text._Z12PluggableUSBv
                0x0000114e       0x28 D:\DataSoft IOT\IoT Practicals\Arduino\ledblinky\ledblinky\ArduinoCore\Debug\libArduinoCore.a(PluggableUSB.o)
                0x0000114e                _Z12PluggableUSBv
 .text.libgcc   0x00001176        0xc c:/program files (x86)/atmel/studio/7.0/toolchain/avr8/avr8-gnu-toolchain/bin/../lib/gcc/avr/5.4.0/avr5\libgcc.a(_tablejump2.o)
                0x00001176                __tablejump2__
                0x00001182                . = ALIGN (0x2)
 *(.fini9)
 .fini9         0x00001182        0x0 c:/program files (x86)/atmel/studio/7.0/toolchain/avr8/avr8-gnu-toolchain/bin/../lib/gcc/avr/5.4.0/avr5\libgcc.a(_exit.o)
                0x00001182                _exit
                0x00001182                exit
 *(.fini9)
 *(.fini8)
 *(.fini8)
 *(.fini7)
 *(.fini7)
 *(.fini6)
 *(.fini6)
 *(.fini5)
 *(.fini5)
 *(.fini4)
 *(.fini4)
 *(.fini3)
 *(.fini3)
 *(.fini2)
 *(.fini2)
 *(.fini1)
 *(.fini1)
 *(.fini0)
 .fini0         0x00001182        0x4 c:/program files (x86)/atmel/studio/7.0/toolchain/avr8/avr8-gnu-toolchain/bin/../lib/gcc/avr/5.4.0/avr5\libgcc.a(_exit.o)
 *(.fini0)
                0x00001186                _etext = .

.data           0x00800100       0x26 load address 0x00001186
                0x00800100                PROVIDE (__data_start, .)
 *(.data)
 *(.data*)
 .data._initEndpoints
                0x00800100        0x7 D:\DataSoft IOT\IoT Practicals\Arduino\ledblinky\ledblinky\ArduinoCore\Debug\libArduinoCore.a(USBCore.o)
                0x00800100                _initEndpoints
 .data._ZL10breakValue
                0x00800107        0x4 D:\DataSoft IOT\IoT Practicals\Arduino\ledblinky\ledblinky\ArduinoCore\Debug\libArduinoCore.a(CDC.o)
 .data._ZL12_usbLineInfo
                0x0080010b        0x8 D:\DataSoft IOT\IoT Practicals\Arduino\ledblinky\ledblinky\ArduinoCore\Debug\libArduinoCore.a(CDC.o)
 *(.rodata)
 *(.rodata*)
 .rodata._ZTV7Serial_
                0x00800113       0x12 D:\DataSoft IOT\IoT Practicals\Arduino\ledblinky\ledblinky\ArduinoCore\Debug\libArduinoCore.a(CDC.o)
                0x00800113                _ZTV7Serial_
 *(.gnu.linkonce.d*)
                0x00800126                . = ALIGN (0x2)
 *fill*         0x00800125        0x1 
                0x00800126                _edata = .
                0x00800126                PROVIDE (__data_end, .)

.bss            0x00800126       0x70
                0x00800126                PROVIDE (__bss_start, .)
 *(.bss)
 *(.bss*)
 .bss.USBDevice
                0x00800126        0x1 D:\DataSoft IOT\IoT Practicals\Arduino\ledblinky\ledblinky\ArduinoCore\Debug\libArduinoCore.a(USBCore.o)
                0x00800126                USBDevice
 .bss._ZL5_cend
                0x00800127        0x2 D:\DataSoft IOT\IoT Practicals\Arduino\ledblinky\ledblinky\ArduinoCore\Debug\libArduinoCore.a(USBCore.o)
 .bss._ZL6_cmark
                0x00800129        0x2 D:\DataSoft IOT\IoT Practicals\Arduino\ledblinky\ledblinky\ArduinoCore\Debug\libArduinoCore.a(USBCore.o)
 .bss._usbSuspendState
                0x0080012b        0x1 D:\DataSoft IOT\IoT Practicals\Arduino\ledblinky\ledblinky\ArduinoCore\Debug\libArduinoCore.a(USBCore.o)
                0x0080012b                _usbSuspendState
 .bss._usbCurrentStatus
                0x0080012c        0x1 D:\DataSoft IOT\IoT Practicals\Arduino\ledblinky\ledblinky\ArduinoCore\Debug\libArduinoCore.a(USBCore.o)
                0x0080012c                _usbCurrentStatus
 .bss._usbConfiguration
                0x0080012d        0x1 D:\DataSoft IOT\IoT Practicals\Arduino\ledblinky\ledblinky\ArduinoCore\Debug\libArduinoCore.a(USBCore.o)
                0x0080012d                _usbConfiguration
 .bss.RxLEDPulse
                0x0080012e        0x1 D:\DataSoft IOT\IoT Practicals\Arduino\ledblinky\ledblinky\ArduinoCore\Debug\libArduinoCore.a(USBCore.o)
                0x0080012e                RxLEDPulse
 .bss.TxLEDPulse
                0x0080012f        0x1 D:\DataSoft IOT\IoT Practicals\Arduino\ledblinky\ledblinky\ArduinoCore\Debug\libArduinoCore.a(USBCore.o)
                0x0080012f                TxLEDPulse
 .bss.timer0_fract
                0x00800130        0x1 D:\DataSoft IOT\IoT Practicals\Arduino\ledblinky\ledblinky\ArduinoCore\Debug\libArduinoCore.a(wiring.o)
 .bss.timer0_millis
                0x00800131        0x4 D:\DataSoft IOT\IoT Practicals\Arduino\ledblinky\ledblinky\ArduinoCore\Debug\libArduinoCore.a(wiring.o)
                0x00800131                timer0_millis
 .bss.timer0_overflow_count
                0x00800135        0x4 D:\DataSoft IOT\IoT Practicals\Arduino\ledblinky\ledblinky\ArduinoCore\Debug\libArduinoCore.a(wiring.o)
                0x00800135                timer0_overflow_count
 .bss.Serial    0x00800139       0x50 D:\DataSoft IOT\IoT Practicals\Arduino\ledblinky\ledblinky\ArduinoCore\Debug\libArduinoCore.a(CDC.o)
                0x00800139                Serial
 .bss._updatedLUFAbootloader
                0x00800189        0x1 D:\DataSoft IOT\IoT Practicals\Arduino\ledblinky\ledblinky\ArduinoCore\Debug\libArduinoCore.a(CDC.o)
                0x00800189                _updatedLUFAbootloader
 .bss._ZZ12PluggableUSBvE3obj
                0x0080018a        0x4 D:\DataSoft IOT\IoT Practicals\Arduino\ledblinky\ledblinky\ArduinoCore\Debug\libArduinoCore.a(PluggableUSB.o)
 .bss._ZGVZ12PluggableUSBvE3obj
                0x0080018e        0x8 D:\DataSoft IOT\IoT Practicals\Arduino\ledblinky\ledblinky\ArduinoCore\Debug\libArduinoCore.a(PluggableUSB.o)
 *(COMMON)
                0x00800196                PROVIDE (__bss_end, .)
                0x00001186                __data_load_start = LOADADDR (.data)
                0x000011ac                __data_load_end = (__data_load_start + SIZEOF (.data))

.noinit         0x00800196        0x0
                [!provide]                PROVIDE (__noinit_start, .)
 *(.noinit*)
                [!provide]                PROVIDE (__noinit_end, .)
                0x00800196                _end = .
                [!provide]                PROVIDE (__heap_start, .)

.eeprom         0x00810000        0x0
 *(.eeprom*)
                0x00810000                __eeprom_end = .

.fuse
 *(.fuse)
 *(.lfuse)
 *(.hfuse)
 *(.efuse)

.lock
 *(.lock*)

.signature
 *(.signature*)

.user_signatures
 *(.user_signatures*)

.stab
 *(.stab)

.stabstr
 *(.stabstr)

.stab.excl
 *(.stab.excl)

.stab.exclstr
 *(.stab.exclstr)

.stab.index
 *(.stab.index)

.stab.indexstr
 *(.stab.indexstr)

.comment        0x00000000       0x30
 *(.comment)
 .comment       0x00000000       0x30 Sketch.o
                                 0x31 (size before relaxing)
 .comment       0x00000030       0x31 D:\DataSoft IOT\IoT Practicals\Arduino\ledblinky\ledblinky\ArduinoCore\Debug\libArduinoCore.a(main.o)
 .comment       0x00000030       0x31 D:\DataSoft IOT\IoT Practicals\Arduino\ledblinky\ledblinky\ArduinoCore\Debug\libArduinoCore.a(USBCore.o)
 .comment       0x00000030       0x31 D:\DataSoft IOT\IoT Practicals\Arduino\ledblinky\ledblinky\ArduinoCore\Debug\libArduinoCore.a(wiring.o)
 .comment       0x00000030       0x31 D:\DataSoft IOT\IoT Practicals\Arduino\ledblinky\ledblinky\ArduinoCore\Debug\libArduinoCore.a(wiring_digital.o)
 .comment       0x00000030       0x31 D:\DataSoft IOT\IoT Practicals\Arduino\ledblinky\ledblinky\ArduinoCore\Debug\libArduinoCore.a(CDC.o)
 .comment       0x00000030       0x31 D:\DataSoft IOT\IoT Practicals\Arduino\ledblinky\ledblinky\ArduinoCore\Debug\libArduinoCore.a(hooks.o)
 .comment       0x00000030       0x31 D:\DataSoft IOT\IoT Practicals\Arduino\ledblinky\ledblinky\ArduinoCore\Debug\libArduinoCore.a(PluggableUSB.o)

.note.gnu.avr.deviceinfo
                0x00000000       0x40
 .note.gnu.avr.deviceinfo
                0x00000000       0x40 C:/Program Files (x86)/Atmel/Studio/7.0/Packs/atmel/ATmega_DFP/1.2.132/gcc/dev/atmega32u4/avr5/crtatmega32u4.o

.note.gnu.build-id
 *(.note.gnu.build-id)

.debug
 *(.debug)

.line
 *(.line)

.debug_srcinfo
 *(.debug_srcinfo)

.debug_sfnames
 *(.debug_sfnames)

.debug_aranges  0x00000000      0x2f0
 *(.debug_aranges)
 .debug_aranges
                0x00000000       0x28 Sketch.o
 .debug_aranges
                0x00000028       0x30 D:\DataSoft IOT\IoT Practicals\Arduino\ledblinky\ledblinky\ArduinoCore\Debug\libArduinoCore.a(main.o)
 .debug_aranges
                0x00000058       0xd8 D:\DataSoft IOT\IoT Practicals\Arduino\ledblinky\ledblinky\ArduinoCore\Debug\libArduinoCore.a(USBCore.o)
 .debug_aranges
                0x00000130       0x48 D:\DataSoft IOT\IoT Practicals\Arduino\ledblinky\ledblinky\ArduinoCore\Debug\libArduinoCore.a(wiring.o)
 .debug_aranges
                0x00000178       0x38 D:\DataSoft IOT\IoT Practicals\Arduino\ledblinky\ledblinky\ArduinoCore\Debug\libArduinoCore.a(wiring_digital.o)
 .debug_aranges
                0x000001b0       0xd0 D:\DataSoft IOT\IoT Practicals\Arduino\ledblinky\ledblinky\ArduinoCore\Debug\libArduinoCore.a(CDC.o)
 .debug_aranges
                0x00000280       0x20 D:\DataSoft IOT\IoT Practicals\Arduino\ledblinky\ledblinky\ArduinoCore\Debug\libArduinoCore.a(hooks.o)
 .debug_aranges
                0x000002a0       0x50 D:\DataSoft IOT\IoT Practicals\Arduino\ledblinky\ledblinky\ArduinoCore\Debug\libArduinoCore.a(PluggableUSB.o)

.debug_pubnames
 *(.debug_pubnames)

.debug_info     0x00000000     0x648b
 *(.debug_info .gnu.linkonce.wi.*)
 .debug_info    0x00000000      0x9f4 C:/Program Files (x86)/Atmel/Studio/7.0/Packs/atmel/ATmega_DFP/1.2.132/gcc/dev/atmega32u4/avr5/crtatmega32u4.o
 .debug_info    0x000009f4      0x26e Sketch.o
 .debug_info    0x00000c62      0x33a D:\DataSoft IOT\IoT Practicals\Arduino\ledblinky\ledblinky\ArduinoCore\Debug\libArduinoCore.a(main.o)
 .debug_info    0x00000f9c     0x1a19 D:\DataSoft IOT\IoT Practicals\Arduino\ledblinky\ledblinky\ArduinoCore\Debug\libArduinoCore.a(USBCore.o)
 .debug_info    0x000029b5      0x2f9 D:\DataSoft IOT\IoT Practicals\Arduino\ledblinky\ledblinky\ArduinoCore\Debug\libArduinoCore.a(wiring.o)
 .debug_info    0x00002cae      0x633 D:\DataSoft IOT\IoT Practicals\Arduino\ledblinky\ledblinky\ArduinoCore\Debug\libArduinoCore.a(wiring_digital.o)
 .debug_info    0x000032e1     0x29cd D:\DataSoft IOT\IoT Practicals\Arduino\ledblinky\ledblinky\ArduinoCore\Debug\libArduinoCore.a(CDC.o)
 .debug_info    0x00005cae       0x3e D:\DataSoft IOT\IoT Practicals\Arduino\ledblinky\ledblinky\ArduinoCore\Debug\libArduinoCore.a(hooks.o)
 .debug_info    0x00005cec      0x79f D:\DataSoft IOT\IoT Practicals\Arduino\ledblinky\ledblinky\ArduinoCore\Debug\libArduinoCore.a(PluggableUSB.o)

.debug_abbrev   0x00000000     0x1d50
 *(.debug_abbrev)
 .debug_abbrev  0x00000000      0x96a C:/Program Files (x86)/Atmel/Studio/7.0/Packs/atmel/ATmega_DFP/1.2.132/gcc/dev/atmega32u4/avr5/crtatmega32u4.o
 .debug_abbrev  0x0000096a       0xd0 Sketch.o
 .debug_abbrev  0x00000a3a      0x19a D:\DataSoft IOT\IoT Practicals\Arduino\ledblinky\ledblinky\ArduinoCore\Debug\libArduinoCore.a(main.o)
 .debug_abbrev  0x00000bd4      0x5f1 D:\DataSoft IOT\IoT Practicals\Arduino\ledblinky\ledblinky\ArduinoCore\Debug\libArduinoCore.a(USBCore.o)
 .debug_abbrev  0x000011c5      0x146 D:\DataSoft IOT\IoT Practicals\Arduino\ledblinky\ledblinky\ArduinoCore\Debug\libArduinoCore.a(wiring.o)
 .debug_abbrev  0x0000130b      0x15a D:\DataSoft IOT\IoT Practicals\Arduino\ledblinky\ledblinky\ArduinoCore\Debug\libArduinoCore.a(wiring_digital.o)
 .debug_abbrev  0x00001465      0x5fc D:\DataSoft IOT\IoT Practicals\Arduino\ledblinky\ledblinky\ArduinoCore\Debug\libArduinoCore.a(CDC.o)
 .debug_abbrev  0x00001a61       0x2a D:\DataSoft IOT\IoT Practicals\Arduino\ledblinky\ledblinky\ArduinoCore\Debug\libArduinoCore.a(hooks.o)
 .debug_abbrev  0x00001a8b      0x2c5 D:\DataSoft IOT\IoT Practicals\Arduino\ledblinky\ledblinky\ArduinoCore\Debug\libArduinoCore.a(PluggableUSB.o)

.debug_line     0x00000000     0x1ced
 *(.debug_line .debug_line.* .debug_line_end)
 .debug_line    0x00000000      0x199 C:/Program Files (x86)/Atmel/Studio/7.0/Packs/atmel/ATmega_DFP/1.2.132/gcc/dev/atmega32u4/avr5/crtatmega32u4.o
 .debug_line    0x00000199      0x143 Sketch.o
 .debug_line    0x000002dc      0x17e D:\DataSoft IOT\IoT Practicals\Arduino\ledblinky\ledblinky\ArduinoCore\Debug\libArduinoCore.a(main.o)
 .debug_line    0x0000045a      0x9dd D:\DataSoft IOT\IoT Practicals\Arduino\ledblinky\ledblinky\ArduinoCore\Debug\libArduinoCore.a(USBCore.o)
 .debug_line    0x00000e37      0x2c4 D:\DataSoft IOT\IoT Practicals\Arduino\ledblinky\ledblinky\ArduinoCore\Debug\libArduinoCore.a(wiring.o)
 .debug_line    0x000010fb      0x271 D:\DataSoft IOT\IoT Practicals\Arduino\ledblinky\ledblinky\ArduinoCore\Debug\libArduinoCore.a(wiring_digital.o)
 .debug_line    0x0000136c      0x65b D:\DataSoft IOT\IoT Practicals\Arduino\ledblinky\ledblinky\ArduinoCore\Debug\libArduinoCore.a(CDC.o)
 .debug_line    0x000019c7       0x41 D:\DataSoft IOT\IoT Practicals\Arduino\ledblinky\ledblinky\ArduinoCore\Debug\libArduinoCore.a(hooks.o)
 .debug_line    0x00001a08      0x2e5 D:\DataSoft IOT\IoT Practicals\Arduino\ledblinky\ledblinky\ArduinoCore\Debug\libArduinoCore.a(PluggableUSB.o)

.debug_frame    0x00000000      0x83c
 *(.debug_frame)
 .debug_frame   0x00000000       0x34 Sketch.o
 .debug_frame   0x00000034       0x54 D:\DataSoft IOT\IoT Practicals\Arduino\ledblinky\ledblinky\ArduinoCore\Debug\libArduinoCore.a(main.o)
 .debug_frame   0x00000088      0x39c D:\DataSoft IOT\IoT Practicals\Arduino\ledblinky\ledblinky\ArduinoCore\Debug\libArduinoCore.a(USBCore.o)
 .debug_frame   0x00000424       0xc4 D:\DataSoft IOT\IoT Practicals\Arduino\ledblinky\ledblinky\ArduinoCore\Debug\libArduinoCore.a(wiring.o)
 .debug_frame   0x000004e8       0x7c D:\DataSoft IOT\IoT Practicals\Arduino\ledblinky\ledblinky\ArduinoCore\Debug\libArduinoCore.a(wiring_digital.o)
 .debug_frame   0x00000564      0x1c8 D:\DataSoft IOT\IoT Practicals\Arduino\ledblinky\ledblinky\ArduinoCore\Debug\libArduinoCore.a(CDC.o)
 .debug_frame   0x0000072c       0x24 D:\DataSoft IOT\IoT Practicals\Arduino\ledblinky\ledblinky\ArduinoCore\Debug\libArduinoCore.a(hooks.o)
 .debug_frame   0x00000750       0xec D:\DataSoft IOT\IoT Practicals\Arduino\ledblinky\ledblinky\ArduinoCore\Debug\libArduinoCore.a(PluggableUSB.o)

.debug_str      0x00000000     0x271f
 *(.debug_str)
 .debug_str     0x00000000      0x371 C:/Program Files (x86)/Atmel/Studio/7.0/Packs/atmel/ATmega_DFP/1.2.132/gcc/dev/atmega32u4/avr5/crtatmega32u4.o
 .debug_str     0x00000371      0x23c Sketch.o
                                0x281 (size before relaxing)
 .debug_str     0x000005ad      0x183 D:\DataSoft IOT\IoT Practicals\Arduino\ledblinky\ledblinky\ArduinoCore\Debug\libArduinoCore.a(main.o)
                                0x383 (size before relaxing)
 .debug_str     0x00000730      0x89d D:\DataSoft IOT\IoT Practicals\Arduino\ledblinky\ledblinky\ArduinoCore\Debug\libArduinoCore.a(USBCore.o)
                                0xc5a (size before relaxing)
 .debug_str     0x00000fcd      0x15c D:\DataSoft IOT\IoT Practicals\Arduino\ledblinky\ledblinky\ArduinoCore\Debug\libArduinoCore.a(wiring.o)
                                0x242 (size before relaxing)
 .debug_str     0x00001129       0xe1 D:\DataSoft IOT\IoT Practicals\Arduino\ledblinky\ledblinky\ArduinoCore\Debug\libArduinoCore.a(wiring_digital.o)
                                0x2c1 (size before relaxing)
 .debug_str     0x0000120a     0x14ad D:\DataSoft IOT\IoT Practicals\Arduino\ledblinky\ledblinky\ArduinoCore\Debug\libArduinoCore.a(CDC.o)
                               0x1a11 (size before relaxing)
 .debug_str     0x000026b7       0x1c D:\DataSoft IOT\IoT Practicals\Arduino\ledblinky\ledblinky\ArduinoCore\Debug\libArduinoCore.a(hooks.o)
                                0x137 (size before relaxing)
 .debug_str     0x000026d3       0x4c D:\DataSoft IOT\IoT Practicals\Arduino\ledblinky\ledblinky\ArduinoCore\Debug\libArduinoCore.a(PluggableUSB.o)
                                0x5b3 (size before relaxing)

.debug_loc      0x00000000     0x2730
 *(.debug_loc)
 .debug_loc     0x00000000     0x127f D:\DataSoft IOT\IoT Practicals\Arduino\ledblinky\ledblinky\ArduinoCore\Debug\libArduinoCore.a(USBCore.o)
 .debug_loc     0x0000127f      0x28d D:\DataSoft IOT\IoT Practicals\Arduino\ledblinky\ledblinky\ArduinoCore\Debug\libArduinoCore.a(wiring.o)
 .debug_loc     0x0000150c      0x665 D:\DataSoft IOT\IoT Practicals\Arduino\ledblinky\ledblinky\ArduinoCore\Debug\libArduinoCore.a(wiring_digital.o)
 .debug_loc     0x00001b71      0x77a D:\DataSoft IOT\IoT Practicals\Arduino\ledblinky\ledblinky\ArduinoCore\Debug\libArduinoCore.a(CDC.o)
 .debug_loc     0x000022eb      0x445 D:\DataSoft IOT\IoT Practicals\Arduino\ledblinky\ledblinky\ArduinoCore\Debug\libArduinoCore.a(PluggableUSB.o)

.debug_macinfo
 *(.debug_macinfo)

.debug_weaknames
 *(.debug_weaknames)

.debug_funcnames
 *(.debug_funcnames)

.debug_typenames
 *(.debug_typenames)

.debug_varnames
 *(.debug_varnames)

.debug_pubtypes
 *(.debug_pubtypes)

.debug_ranges   0x00000000      0x390
 *(.debug_ranges)
 .debug_ranges  0x00000000       0x18 Sketch.o
 .debug_ranges  0x00000018       0x20 D:\DataSoft IOT\IoT Practicals\Arduino\ledblinky\ledblinky\ArduinoCore\Debug\libArduinoCore.a(main.o)
 .debug_ranges  0x00000038      0x1b8 D:\DataSoft IOT\IoT Practicals\Arduino\ledblinky\ledblinky\ArduinoCore\Debug\libArduinoCore.a(USBCore.o)
 .debug_ranges  0x000001f0       0x38 D:\DataSoft IOT\IoT Practicals\Arduino\ledblinky\ledblinky\ArduinoCore\Debug\libArduinoCore.a(wiring.o)
 .debug_ranges  0x00000228       0x28 D:\DataSoft IOT\IoT Practicals\Arduino\ledblinky\ledblinky\ArduinoCore\Debug\libArduinoCore.a(wiring_digital.o)
 .debug_ranges  0x00000250       0xd8 D:\DataSoft IOT\IoT Practicals\Arduino\ledblinky\ledblinky\ArduinoCore\Debug\libArduinoCore.a(CDC.o)
 .debug_ranges  0x00000328       0x10 D:\DataSoft IOT\IoT Practicals\Arduino\ledblinky\ledblinky\ArduinoCore\Debug\libArduinoCore.a(hooks.o)
 .debug_ranges  0x00000338       0x58 D:\DataSoft IOT\IoT Practicals\Arduino\ledblinky\ledblinky\ArduinoCore\Debug\libArduinoCore.a(PluggableUSB.o)

.debug_macro
 *(.debug_macro)
OUTPUT(Arduino_Led_blinking.elf elf32-avr)
LOAD linker stubs
